../Core/Src/main.c:74:6:HAL_UARTEx_RxEventCallback	16	static
../Core/Src/main.c:84:6:UARTRXInit	8	static
../Core/Src/main.c:94:5:main	16	static
../Core/Src/main.c:152:6:SystemClock_Config	88	static
../Core/Src/main.c:198:13:MX_ADC1_Init	24	static
../Core/Src/main.c:250:13:MX_I2C1_Init	8	static
../Core/Src/main.c:284:13:MX_TIM2_Init	32	static
../Core/Src/main.c:329:13:MX_USART2_UART_Init	8	static
../Core/Src/main.c:360:13:MX_DMA_Init	16	static
../Core/Src/main.c:382:13:MX_GPIO_Init	24	static
../Core/Src/main.c:400:6:Error_Handler	4	static,ignoring_inline_asm
