../Core/Src/main.c:70:6:HAL_UARTEx_RxEventCallback	16	static
../Core/Src/main.c:80:6:UARTRXInit	8	static
../Core/Src/main.c:90:5:main	16	static
../Core/Src/main.c:148:6:SystemClock_Config	88	static
../Core/Src/main.c:194:13:MX_I2C1_Init	8	static
../Core/Src/main.c:228:13:MX_TIM2_Init	32	static
../Core/Src/main.c:273:13:MX_USART2_UART_Init	8	static
../Core/Src/main.c:304:13:MX_DMA_Init	16	static
../Core/Src/main.c:322:13:MX_GPIO_Init	24	static
../Core/Src/main.c:340:6:Error_Handler	4	static,ignoring_inline_asm
