../Core/Src/main.c:74:6:HAL_UARTEx_RxEventCallback	16	static
../Core/Src/main.c:84:6:UARTRXInit	8	static
../Core/Src/main.c:94:5:main	16	static
../Core/Src/main.c:154:6:SystemClock_Config	96	static
../Core/Src/main.c:201:13:MX_ADC1_Init	24	static
../Core/Src/main.c:248:13:MX_I2C1_Init	8	static
../Core/Src/main.c:282:13:MX_TIM2_Init	32	static
../Core/Src/main.c:327:13:MX_USART1_UART_Init	8	static
../Core/Src/main.c:358:13:MX_DMA_Init	16	static
../Core/Src/main.c:379:13:MX_GPIO_Init	24	static
../Core/Src/main.c:397:6:Error_Handler	4	static,ignoring_inline_asm
