c:\st\stm32cubeide_1.10.1\stm32cubeide\plugins\com.st.stm32cube.ide.mcu.externaltools.gnu-tools-for-stm32.10.3-2021.10.win32_1.0.0.202111181127\tools\arm-none-eabi\include\c++\10.3.1\cmath:144:3:constexpr float std::atan2(float, float)	16	static
../Core/Src/my_main.cpp:43:6:void HAL_ADC_ConvCpltCallback(ADC_HandleTypeDef*)	16	static
../Core/Src/my_main.cpp:50:6:void HAL_UARTEx_RxEventCallback(UART_HandleTypeDef*, uint16_t)	16	static
../Core/Src/my_main.cpp:60:6:void UARTRXInit()	8	static
../Core/Src/my_main.cpp:65:6:void RFC_Calib()	16	static
../Core/Src/my_main.cpp:89:5:int myMain()	112	static
../Core/Src/my_main.cpp:190:1:void __static_initialization_and_destruction_0(int, int)	16	static
../Core/Src/my_main.cpp:190:1:cpp)	8	static
